---
source: crates/trestle/tests/corpus.rs
expression: program
---
LoweredProgram {
    expressions: [
        Expression {
            kind: Let {
                name: "x",
                value: Expression {
                    kind: Literal(
                        Int(
                            42,
                        ),
                    ),
                    span: SourceSpan {
                        offset: SourceOffset(
                            120,
                        ),
                        length: 2,
                    },
                },
            },
            span: SourceSpan {
                offset: SourceOffset(
                    112,
                ),
                length: 11,
            },
        },
    ],
}
