---
source: crates/trestle/tests/corpus.rs
expression: analysed
---
TypeCheckedProgram {
    expressions: [
        TypeCheckedExpression {
            kind: Let {
                binding: BindingId(
                    0,
                ),
                value: TypeCheckedExpression {
                    kind: Literal(
                        Int(
                            42,
                        ),
                    ),
                    span: SourceSpan {
                        offset: SourceOffset(
                            120,
                        ),
                        length: 2,
                    },
                    ty: Literal(
                        Int,
                    ),
                },
            },
            span: SourceSpan {
                offset: SourceOffset(
                    112,
                ),
                length: 11,
            },
            ty: Unit,
        },
    ],
    bindings: [
        TypeCheckedBinding {
            name: "x",
            ty: Literal(
                Int,
            ),
            span: SourceSpan {
                offset: SourceOffset(
                    112,
                ),
                length: 11,
            },
        },
    ],
}
