---
source: crates/trestle/tests/corpus.rs
expression: program
---
ParsedProgram {
    expressions: [
        Expression {
            kind: Lambda(
                Lambda {
                    parameter: Some(
                        Param {
                            name: "x",
                            type_dec: Some(
                                Named(
                                    "Int",
                                ),
                            ),
                        },
                    ),
                    return_type: None,
                    body: Expression {
                        kind: Var(
                            "x",
                        ),
                        span: SourceSpan {
                            offset: SourceOffset(
                                147,
                            ),
                            length: 1,
                        },
                    },
                },
            ),
            span: SourceSpan {
                offset: SourceOffset(
                    135,
                ),
                length: 14,
            },
        },
    ],
}
