---
source: crates/trestle/tests/corpus.rs
expression: program
---
ParsedProgram {
    expressions: [
        Expression {
            kind: Let {
                name: "total",
                type_dec: None,
                value: Expression {
                    kind: Block(
                        [
                            Expression {
                                kind: Let {
                                    name: "a",
                                    type_dec: None,
                                    value: Expression {
                                        kind: Literal(
                                            Int(
                                                10,
                                            ),
                                        ),
                                        span: SourceSpan {
                                            offset: SourceOffset(
                                                191,
                                            ),
                                            length: 2,
                                        },
                                    },
                                },
                                span: SourceSpan {
                                    offset: SourceOffset(
                                        183,
                                    ),
                                    length: 15,
                                },
                            },
                            Expression {
                                kind: Let {
                                    name: "b",
                                    type_dec: None,
                                    value: Expression {
                                        kind: Literal(
                                            Int(
                                                20,
                                            ),
                                        ),
                                        span: SourceSpan {
                                            offset: SourceOffset(
                                                206,
                                            ),
                                            length: 2,
                                        },
                                    },
                                },
                                span: SourceSpan {
                                    offset: SourceOffset(
                                        198,
                                    ),
                                    length: 15,
                                },
                            },
                            Expression {
                                kind: Binary(
                                    Add,
                                    Expression {
                                        kind: Var(
                                            "a",
                                        ),
                                        span: SourceSpan {
                                            offset: SourceOffset(
                                                213,
                                            ),
                                            length: 1,
                                        },
                                    },
                                    Expression {
                                        kind: Var(
                                            "b",
                                        ),
                                        span: SourceSpan {
                                            offset: SourceOffset(
                                                217,
                                            ),
                                            length: 1,
                                        },
                                    },
                                ),
                                span: SourceSpan {
                                    offset: SourceOffset(
                                        213,
                                    ),
                                    length: 5,
                                },
                            },
                        ],
                    ),
                    span: SourceSpan {
                        offset: SourceOffset(
                            177,
                        ),
                        length: 51,
                    },
                },
            },
            span: SourceSpan {
                offset: SourceOffset(
                    165,
                ),
                length: 63,
            },
        },
        Expression {
            kind: Var(
                "total",
            ),
            span: SourceSpan {
                offset: SourceOffset(
                    229,
                ),
                length: 5,
            },
        },
    ],
}
