---
source: crates/trestle/tests/corpus.rs
expression: analysed
---
AnalysedProgram {
    expressions: [
        AnalysedExpression {
            kind: Let {
                binding: BindingId(
                    2,
                ),
                value: AnalysedExpression {
                    kind: Block(
                        [
                            AnalysedExpression {
                                kind: Let {
                                    binding: BindingId(
                                        0,
                                    ),
                                    value: AnalysedExpression {
                                        kind: Literal(
                                            Int(
                                                10,
                                            ),
                                        ),
                                        span: SourceSpan {
                                            offset: SourceOffset(
                                                191,
                                            ),
                                            length: 2,
                                        },
                                        ty: Literal(
                                            Int,
                                        ),
                                    },
                                },
                                span: SourceSpan {
                                    offset: SourceOffset(
                                        183,
                                    ),
                                    length: 15,
                                },
                                ty: Unit,
                            },
                            AnalysedExpression {
                                kind: Let {
                                    binding: BindingId(
                                        1,
                                    ),
                                    value: AnalysedExpression {
                                        kind: Literal(
                                            Int(
                                                20,
                                            ),
                                        ),
                                        span: SourceSpan {
                                            offset: SourceOffset(
                                                206,
                                            ),
                                            length: 2,
                                        },
                                        ty: Literal(
                                            Int,
                                        ),
                                    },
                                },
                                span: SourceSpan {
                                    offset: SourceOffset(
                                        198,
                                    ),
                                    length: 15,
                                },
                                ty: Unit,
                            },
                            AnalysedExpression {
                                kind: Binary(
                                    Add,
                                    AnalysedExpression {
                                        kind: Var(
                                            BindingId(
                                                0,
                                            ),
                                        ),
                                        span: SourceSpan {
                                            offset: SourceOffset(
                                                213,
                                            ),
                                            length: 1,
                                        },
                                        ty: Literal(
                                            Int,
                                        ),
                                    },
                                    AnalysedExpression {
                                        kind: Var(
                                            BindingId(
                                                1,
                                            ),
                                        ),
                                        span: SourceSpan {
                                            offset: SourceOffset(
                                                217,
                                            ),
                                            length: 1,
                                        },
                                        ty: Literal(
                                            Int,
                                        ),
                                    },
                                ),
                                span: SourceSpan {
                                    offset: SourceOffset(
                                        213,
                                    ),
                                    length: 5,
                                },
                                ty: Literal(
                                    Int,
                                ),
                            },
                        ],
                    ),
                    span: SourceSpan {
                        offset: SourceOffset(
                            177,
                        ),
                        length: 51,
                    },
                    ty: Literal(
                        Int,
                    ),
                },
            },
            span: SourceSpan {
                offset: SourceOffset(
                    165,
                ),
                length: 63,
            },
            ty: Unit,
        },
        AnalysedExpression {
            kind: Var(
                BindingId(
                    2,
                ),
            ),
            span: SourceSpan {
                offset: SourceOffset(
                    229,
                ),
                length: 5,
            },
            ty: Literal(
                Int,
            ),
        },
    ],
    bindings: [
        AnalysedBinding {
            name: "a",
            ty: Literal(
                Int,
            ),
            span: SourceSpan {
                offset: SourceOffset(
                    183,
                ),
                length: 15,
            },
        },
        AnalysedBinding {
            name: "b",
            ty: Literal(
                Int,
            ),
            span: SourceSpan {
                offset: SourceOffset(
                    198,
                ),
                length: 15,
            },
        },
        AnalysedBinding {
            name: "total",
            ty: Literal(
                Int,
            ),
            span: SourceSpan {
                offset: SourceOffset(
                    165,
                ),
                length: 63,
            },
        },
    ],
}
