---
source: crates/trestle/tests/corpus.rs
expression: analysed
---
TypeCheckedProgram {
    expressions: [
        TypeCheckedExpression {
            kind: Literal(
                String(
                    "hello",
                ),
            ),
            span: SourceSpan {
                offset: SourceOffset(
                    229,
                ),
                length: 7,
            },
            ty: Literal(
                String,
            ),
        },
    ],
    bindings: [],
}
