---
source: crates/trestle/tests/corpus.rs
expression: program
---
LoweredProgram {
    expressions: [
        Expression {
            kind: Literal(
                String(
                    "\"hello\"",
                ),
            ),
            span: SourceSpan {
                offset: SourceOffset(
                    229,
                ),
                length: 7,
            },
        },
    ],
}
