---
source: crates/trestle/tests/corpus.rs
expression: program
---
LoweredProgram {
    expressions: [
        Expression {
            kind: Binary(
                Div,
                Expression {
                    kind: Literal(
                        Int(
                            6,
                        ),
                    ),
                    span: SourceSpan {
                        offset: SourceOffset(
                            83,
                        ),
                        length: 1,
                    },
                },
                Expression {
                    kind: Literal(
                        Int(
                            2,
                        ),
                    ),
                    span: SourceSpan {
                        offset: SourceOffset(
                            87,
                        ),
                        length: 1,
                    },
                },
            ),
            span: SourceSpan {
                offset: SourceOffset(
                    83,
                ),
                length: 5,
            },
        },
    ],
}
