---
source: crates/trestle/tests/corpus.rs
expression: analysed
---
TypeCheckedProgram {
    expressions: [
        TypeCheckedExpression {
            kind: Let {
                binding: BindingId(
                    1,
                ),
                value: TypeCheckedExpression {
                    kind: Lambda(
                        Lambda {
                            parameter: Some(
                                Param {
                                    binding: BindingId(
                                        0,
                                    ),
                                    ty: Literal(
                                        Int,
                                    ),
                                },
                            ),
                            body: TypeCheckedExpression {
                                kind: If {
                                    condition: TypeCheckedExpression {
                                        kind: Binary(
                                            Lt,
                                            TypeCheckedExpression {
                                                kind: Var(
                                                    BindingId(
                                                        0,
                                                    ),
                                                ),
                                                span: SourceSpan {
                                                    offset: SourceOffset(
                                                        285,
                                                    ),
                                                    length: 1,
                                                },
                                                ty: Literal(
                                                    Int,
                                                ),
                                            },
                                            TypeCheckedExpression {
                                                kind: Literal(
                                                    Int(
                                                        0,
                                                    ),
                                                ),
                                                span: SourceSpan {
                                                    offset: SourceOffset(
                                                        289,
                                                    ),
                                                    length: 1,
                                                },
                                                ty: Literal(
                                                    Int,
                                                ),
                                            },
                                        ),
                                        span: SourceSpan {
                                            offset: SourceOffset(
                                                285,
                                            ),
                                            length: 5,
                                        },
                                        ty: Literal(
                                            Bool,
                                        ),
                                    },
                                    then_branch: TypeCheckedExpression {
                                        kind: Binary(
                                            Sub,
                                            TypeCheckedExpression {
                                                kind: Literal(
                                                    Int(
                                                        0,
                                                    ),
                                                ),
                                                span: SourceSpan {
                                                    offset: SourceOffset(
                                                        292,
                                                    ),
                                                    length: 1,
                                                },
                                                ty: Literal(
                                                    Int,
                                                ),
                                            },
                                            TypeCheckedExpression {
                                                kind: Var(
                                                    BindingId(
                                                        0,
                                                    ),
                                                ),
                                                span: SourceSpan {
                                                    offset: SourceOffset(
                                                        296,
                                                    ),
                                                    length: 1,
                                                },
                                                ty: Literal(
                                                    Int,
                                                ),
                                            },
                                        ),
                                        span: SourceSpan {
                                            offset: SourceOffset(
                                                292,
                                            ),
                                            length: 5,
                                        },
                                        ty: Literal(
                                            Int,
                                        ),
                                    },
                                    else_branch: Some(
                                        TypeCheckedExpression {
                                            kind: Var(
                                                BindingId(
                                                    0,
                                                ),
                                            ),
                                            span: SourceSpan {
                                                offset: SourceOffset(
                                                    303,
                                                ),
                                                length: 1,
                                            },
                                            ty: Literal(
                                                Int,
                                            ),
                                        },
                                    ),
                                },
                                span: SourceSpan {
                                    offset: SourceOffset(
                                        281,
                                    ),
                                    length: 24,
                                },
                                ty: Literal(
                                    Int,
                                ),
                            },
                        },
                    ),
                    span: SourceSpan {
                        offset: SourceOffset(
                            269,
                        ),
                        length: 36,
                    },
                    ty: Fn(
                        Some(
                            Literal(
                                Int,
                            ),
                        ),
                        Literal(
                            Int,
                        ),
                    ),
                },
            },
            span: SourceSpan {
                offset: SourceOffset(
                    259,
                ),
                length: 46,
            },
            ty: Unit,
        },
        TypeCheckedExpression {
            kind: Let {
                binding: BindingId(
                    3,
                ),
                value: TypeCheckedExpression {
                    kind: Lambda(
                        Lambda {
                            parameter: Some(
                                Param {
                                    binding: BindingId(
                                        2,
                                    ),
                                    ty: Literal(
                                        Int,
                                    ),
                                },
                            ),
                            body: TypeCheckedExpression {
                                kind: If {
                                    condition: TypeCheckedExpression {
                                        kind: Binary(
                                            Gt,
                                            TypeCheckedExpression {
                                                kind: Var(
                                                    BindingId(
                                                        2,
                                                    ),
                                                ),
                                                span: SourceSpan {
                                                    offset: SourceOffset(
                                                        338,
                                                    ),
                                                    length: 1,
                                                },
                                                ty: Literal(
                                                    Int,
                                                ),
                                            },
                                            TypeCheckedExpression {
                                                kind: Literal(
                                                    Int(
                                                        3,
                                                    ),
                                                ),
                                                span: SourceSpan {
                                                    offset: SourceOffset(
                                                        342,
                                                    ),
                                                    length: 1,
                                                },
                                                ty: Literal(
                                                    Int,
                                                ),
                                            },
                                        ),
                                        span: SourceSpan {
                                            offset: SourceOffset(
                                                338,
                                            ),
                                            length: 5,
                                        },
                                        ty: Literal(
                                            Bool,
                                        ),
                                    },
                                    then_branch: TypeCheckedExpression {
                                        kind: Literal(
                                            String(
                                                "Bigger",
                                            ),
                                        ),
                                        span: SourceSpan {
                                            offset: SourceOffset(
                                                353,
                                            ),
                                            length: 8,
                                        },
                                        ty: Literal(
                                            String,
                                        ),
                                    },
                                    else_branch: Some(
                                        TypeCheckedExpression {
                                            kind: Literal(
                                                String(
                                                    "Smaller",
                                                ),
                                            ),
                                            span: SourceSpan {
                                                offset: SourceOffset(
                                                    379,
                                                ),
                                                length: 9,
                                            },
                                            ty: Literal(
                                                String,
                                            ),
                                        },
                                    ),
                                },
                                span: SourceSpan {
                                    offset: SourceOffset(
                                        334,
                                    ),
                                    length: 56,
                                },
                                ty: Literal(
                                    String,
                                ),
                            },
                        },
                    ),
                    span: SourceSpan {
                        offset: SourceOffset(
                            318,
                        ),
                        length: 72,
                    },
                    ty: Fn(
                        Some(
                            Literal(
                                Int,
                            ),
                        ),
                        Literal(
                            String,
                        ),
                    ),
                },
            },
            span: SourceSpan {
                offset: SourceOffset(
                    305,
                ),
                length: 85,
            },
            ty: Unit,
        },
        TypeCheckedExpression {
            kind: Let {
                binding: BindingId(
                    4,
                ),
                value: TypeCheckedExpression {
                    kind: FunctionInvocation(
                        BindingId(
                            3,
                        ),
                        [
                            TypeCheckedExpression {
                                kind: FunctionInvocation(
                                    BindingId(
                                        1,
                                    ),
                                    [
                                        TypeCheckedExpression {
                                            kind: Unary(
                                                Neg,
                                                TypeCheckedExpression {
                                                    kind: Literal(
                                                        Int(
                                                            10,
                                                        ),
                                                    ),
                                                    span: SourceSpan {
                                                        offset: SourceOffset(
                                                            418,
                                                        ),
                                                        length: 2,
                                                    },
                                                    ty: Literal(
                                                        Int,
                                                    ),
                                                },
                                            ),
                                            span: SourceSpan {
                                                offset: SourceOffset(
                                                    417,
                                                ),
                                                length: 3,
                                            },
                                            ty: Literal(
                                                Int,
                                            ),
                                        },
                                    ],
                                ),
                                span: SourceSpan {
                                    offset: SourceOffset(
                                        413,
                                    ),
                                    length: 8,
                                },
                                ty: Literal(
                                    Int,
                                ),
                            },
                        ],
                    ),
                    span: SourceSpan {
                        offset: SourceOffset(
                            406,
                        ),
                        length: 16,
                    },
                    ty: Literal(
                        String,
                    ),
                },
            },
            span: SourceSpan {
                offset: SourceOffset(
                    390,
                ),
                length: 33,
            },
            ty: Unit,
        },
        TypeCheckedExpression {
            kind: Let {
                binding: BindingId(
                    5,
                ),
                value: TypeCheckedExpression {
                    kind: FunctionInvocation(
                        BindingId(
                            3,
                        ),
                        [
                            TypeCheckedExpression {
                                kind: Literal(
                                    Int(
                                        0,
                                    ),
                                ),
                                span: SourceSpan {
                                    offset: SourceOffset(
                                        447,
                                    ),
                                    length: 1,
                                },
                                ty: Literal(
                                    Int,
                                ),
                            },
                        ],
                    ),
                    span: SourceSpan {
                        offset: SourceOffset(
                            440,
                        ),
                        length: 9,
                    },
                    ty: Literal(
                        String,
                    ),
                },
            },
            span: SourceSpan {
                offset: SourceOffset(
                    423,
                ),
                length: 27,
            },
            ty: Unit,
        },
        TypeCheckedExpression {
            kind: Var(
                BindingId(
                    5,
                ),
            ),
            span: SourceSpan {
                offset: SourceOffset(
                    450,
                ),
                length: 10,
            },
            ty: Literal(
                String,
            ),
        },
    ],
    bindings: [
        TypedBinding {
            name: "n",
            ty: Literal(
                Int,
            ),
            span: SourceSpan {
                offset: SourceOffset(
                    269,
                ),
                length: 36,
            },
        },
        TypedBinding {
            name: "abs",
            ty: Fn(
                Some(
                    Literal(
                        Int,
                    ),
                ),
                Literal(
                    Int,
                ),
            ),
            span: SourceSpan {
                offset: SourceOffset(
                    259,
                ),
                length: 46,
            },
        },
        TypedBinding {
            name: "n",
            ty: Literal(
                Int,
            ),
            span: SourceSpan {
                offset: SourceOffset(
                    318,
                ),
                length: 72,
            },
        },
        TypedBinding {
            name: "bigger",
            ty: Fn(
                Some(
                    Literal(
                        Int,
                    ),
                ),
                Literal(
                    String,
                ),
            ),
            span: SourceSpan {
                offset: SourceOffset(
                    305,
                ),
                length: 85,
            },
        },
        TypedBinding {
            name: "valueTrue",
            ty: Literal(
                String,
            ),
            span: SourceSpan {
                offset: SourceOffset(
                    390,
                ),
                length: 33,
            },
        },
        TypedBinding {
            name: "falseValue",
            ty: Literal(
                String,
            ),
            span: SourceSpan {
                offset: SourceOffset(
                    423,
                ),
                length: 27,
            },
        },
    ],
    type_bindings: [
        TypedBinding {
            name: "Int",
            ty: Literal(
                Int,
            ),
            span: SourceSpan {
                offset: SourceOffset(
                    0,
                ),
                length: 0,
            },
        },
        TypedBinding {
            name: "Float",
            ty: Literal(
                Float,
            ),
            span: SourceSpan {
                offset: SourceOffset(
                    0,
                ),
                length: 0,
            },
        },
        TypedBinding {
            name: "String",
            ty: Literal(
                String,
            ),
            span: SourceSpan {
                offset: SourceOffset(
                    0,
                ),
                length: 0,
            },
        },
        TypedBinding {
            name: "Bool",
            ty: Literal(
                Bool,
            ),
            span: SourceSpan {
                offset: SourceOffset(
                    0,
                ),
                length: 0,
            },
        },
        TypedBinding {
            name: "Unit",
            ty: Literal(
                Unit,
            ),
            span: SourceSpan {
                offset: SourceOffset(
                    0,
                ),
                length: 0,
            },
        },
    ],
}
