---
source: crates/trestle/tests/corpus.rs
expression: analysed
---
AnalysedProgram {
    expressions: [
        AnalysedExpression {
            kind: Let {
                binding: BindingId(
                    1,
                ),
                value: AnalysedExpression {
                    kind: Lambda(
                        Lambda {
                            parameter: Some(
                                Param {
                                    binding: BindingId(
                                        0,
                                    ),
                                    ty: Literal(
                                        Int,
                                    ),
                                },
                            ),
                            body: AnalysedExpression {
                                kind: If {
                                    condition: AnalysedExpression {
                                        kind: Binary(
                                            Lt,
                                            AnalysedExpression {
                                                kind: Var(
                                                    BindingId(
                                                        0,
                                                    ),
                                                ),
                                                span: SourceSpan {
                                                    offset: SourceOffset(
                                                        289,
                                                    ),
                                                    length: 1,
                                                },
                                                ty: Literal(
                                                    Int,
                                                ),
                                            },
                                            AnalysedExpression {
                                                kind: Literal(
                                                    Int(
                                                        0,
                                                    ),
                                                ),
                                                span: SourceSpan {
                                                    offset: SourceOffset(
                                                        293,
                                                    ),
                                                    length: 1,
                                                },
                                                ty: Literal(
                                                    Int,
                                                ),
                                            },
                                        ),
                                        span: SourceSpan {
                                            offset: SourceOffset(
                                                289,
                                            ),
                                            length: 5,
                                        },
                                        ty: Literal(
                                            Bool,
                                        ),
                                    },
                                    then_branch: AnalysedExpression {
                                        kind: Binary(
                                            Sub,
                                            AnalysedExpression {
                                                kind: Literal(
                                                    Int(
                                                        0,
                                                    ),
                                                ),
                                                span: SourceSpan {
                                                    offset: SourceOffset(
                                                        296,
                                                    ),
                                                    length: 1,
                                                },
                                                ty: Literal(
                                                    Int,
                                                ),
                                            },
                                            AnalysedExpression {
                                                kind: Var(
                                                    BindingId(
                                                        0,
                                                    ),
                                                ),
                                                span: SourceSpan {
                                                    offset: SourceOffset(
                                                        300,
                                                    ),
                                                    length: 1,
                                                },
                                                ty: Literal(
                                                    Int,
                                                ),
                                            },
                                        ),
                                        span: SourceSpan {
                                            offset: SourceOffset(
                                                296,
                                            ),
                                            length: 5,
                                        },
                                        ty: Literal(
                                            Int,
                                        ),
                                    },
                                    else_branch: None,
                                },
                                span: SourceSpan {
                                    offset: SourceOffset(
                                        285,
                                    ),
                                    length: 25,
                                },
                                ty: Literal(
                                    Int,
                                ),
                            },
                        },
                    ),
                    span: SourceSpan {
                        offset: SourceOffset(
                            273,
                        ),
                        length: 37,
                    },
                    ty: Fn(
                        Some(
                            Literal(
                                Int,
                            ),
                        ),
                        Literal(
                            Int,
                        ),
                    ),
                },
            },
            span: SourceSpan {
                offset: SourceOffset(
                    263,
                ),
                length: 47,
            },
            ty: Unit,
        },
        AnalysedExpression {
            kind: Let {
                binding: BindingId(
                    2,
                ),
                value: AnalysedExpression {
                    kind: If {
                        condition: AnalysedExpression {
                            kind: Binary(
                                Gt,
                                AnalysedExpression {
                                    kind: Literal(
                                        Int(
                                            3,
                                        ),
                                    ),
                                    span: SourceSpan {
                                        offset: SourceOffset(
                                            332,
                                        ),
                                        length: 1,
                                    },
                                    ty: Literal(
                                        Int,
                                    ),
                                },
                                AnalysedExpression {
                                    kind: Literal(
                                        Int(
                                            2,
                                        ),
                                    ),
                                    span: SourceSpan {
                                        offset: SourceOffset(
                                            336,
                                        ),
                                        length: 1,
                                    },
                                    ty: Literal(
                                        Int,
                                    ),
                                },
                            ),
                            span: SourceSpan {
                                offset: SourceOffset(
                                    332,
                                ),
                                length: 5,
                            },
                            ty: Literal(
                                Bool,
                            ),
                        },
                        then_branch: AnalysedExpression {
                            kind: Literal(
                                String(
                                    "Bigger",
                                ),
                            ),
                            span: SourceSpan {
                                offset: SourceOffset(
                                    348,
                                ),
                                length: 8,
                            },
                            ty: Literal(
                                String,
                            ),
                        },
                        else_branch: None,
                    },
                    span: SourceSpan {
                        offset: SourceOffset(
                            328,
                        ),
                        length: 59,
                    },
                    ty: Literal(
                        String,
                    ),
                },
            },
            span: SourceSpan {
                offset: SourceOffset(
                    310,
                ),
                length: 77,
            },
            ty: Unit,
        },
    ],
    bindings: [
        AnalysedBinding {
            name: "n",
            ty: Literal(
                Int,
            ),
            span: SourceSpan {
                offset: SourceOffset(
                    273,
                ),
                length: 37,
            },
        },
        AnalysedBinding {
            name: "abs",
            ty: Fn(
                Some(
                    Literal(
                        Int,
                    ),
                ),
                Literal(
                    Int,
                ),
            ),
            span: SourceSpan {
                offset: SourceOffset(
                    263,
                ),
                length: 47,
            },
        },
        AnalysedBinding {
            name: "bigger",
            ty: Literal(
                String,
            ),
            span: SourceSpan {
                offset: SourceOffset(
                    310,
                ),
                length: 77,
            },
        },
    ],
}
