---
source: crates/trestle/tests/corpus.rs
expression: program
---
ParsedProgram {
    expressions: [
        Expression {
            kind: TypeDeclaration {
                identifier: "Point",
                type_expression: TypeExpression {
                    kind: Record(
                        {
                            "label": TypeExpression {
                                kind: Named(
                                    "String",
                                ),
                                span: SourceSpan {
                                    offset: SourceOffset(
                                        44,
                                    ),
                                    length: 8,
                                },
                            },
                            "x": TypeExpression {
                                kind: Named(
                                    "Int",
                                ),
                                span: SourceSpan {
                                    offset: SourceOffset(
                                        16,
                                    ),
                                    length: 5,
                                },
                            },
                            "y": TypeExpression {
                                kind: Named(
                                    "Int",
                                ),
                                span: SourceSpan {
                                    offset: SourceOffset(
                                        24,
                                    ),
                                    length: 5,
                                },
                            },
                            "z": TypeExpression {
                                kind: Named(
                                    "Int",
                                ),
                                span: SourceSpan {
                                    offset: SourceOffset(
                                        32,
                                    ),
                                    length: 5,
                                },
                            },
                        },
                    ),
                    span: SourceSpan {
                        offset: SourceOffset(
                            13,
                        ),
                        length: 41,
                    },
                },
            },
            span: SourceSpan {
                offset: SourceOffset(
                    0,
                ),
                length: 54,
            },
        },
        Expression {
            kind: TypeDeclaration {
                identifier: "Point2",
                type_expression: TypeExpression {
                    kind: Record(
                        {
                            "label": TypeExpression {
                                kind: Named(
                                    "String",
                                ),
                                span: SourceSpan {
                                    offset: SourceOffset(
                                        143,
                                    ),
                                    length: 8,
                                },
                            },
                            "x": TypeExpression {
                                kind: Named(
                                    "Int",
                                ),
                                span: SourceSpan {
                                    offset: SourceOffset(
                                        85,
                                    ),
                                    length: 5,
                                },
                            },
                            "y": TypeExpression {
                                kind: Named(
                                    "Int",
                                ),
                                span: SourceSpan {
                                    offset: SourceOffset(
                                        103,
                                    ),
                                    length: 5,
                                },
                            },
                            "z": TypeExpression {
                                kind: Named(
                                    "Int",
                                ),
                                span: SourceSpan {
                                    offset: SourceOffset(
                                        121,
                                    ),
                                    length: 5,
                                },
                            },
                        },
                    ),
                    span: SourceSpan {
                        offset: SourceOffset(
                            72,
                        ),
                        length: 87,
                    },
                },
            },
            span: SourceSpan {
                offset: SourceOffset(
                    58,
                ),
                length: 101,
            },
        },
        Expression {
            kind: TypeDeclaration {
                identifier: "EmptyRecordNoSpace",
                type_expression: TypeExpression {
                    kind: Record(
                        {},
                    ),
                    span: SourceSpan {
                        offset: SourceOffset(
                            189,
                        ),
                        length: 2,
                    },
                },
            },
            span: SourceSpan {
                offset: SourceOffset(
                    163,
                ),
                length: 28,
            },
        },
        Expression {
            kind: TypeDeclaration {
                identifier: "EmptyRecordWithSpace",
                type_expression: TypeExpression {
                    kind: Record(
                        {},
                    ),
                    span: SourceSpan {
                        offset: SourceOffset(
                            221,
                        ),
                        length: 3,
                    },
                },
            },
            span: SourceSpan {
                offset: SourceOffset(
                    193,
                ),
                length: 31,
            },
        },
    ],
}
