---
source: crates/trestle/tests/corpus.rs
expression: analysed
---
TypeCheckedProgram {
    expressions: [
        TypeCheckedExpression {
            kind: Binary(
                Add,
                TypeCheckedExpression {
                    kind: Literal(
                        Int(
                            1,
                        ),
                    ),
                    span: SourceSpan {
                        offset: SourceOffset(
                            151,
                        ),
                        length: 1,
                    },
                    ty: Literal(
                        Int,
                    ),
                },
                TypeCheckedExpression {
                    kind: Literal(
                        Int(
                            2,
                        ),
                    ),
                    span: SourceSpan {
                        offset: SourceOffset(
                            155,
                        ),
                        length: 1,
                    },
                    ty: Literal(
                        Int,
                    ),
                },
            ),
            span: SourceSpan {
                offset: SourceOffset(
                    151,
                ),
                length: 5,
            },
            ty: Literal(
                Int,
            ),
        },
    ],
    bindings: [],
}
