---
source: crates/trestle/tests/corpus.rs
expression: program
---
LoweredProgram {
    expressions: [
        Expression {
            kind: Literal(
                Int(
                    3,
                ),
            ),
            span: SourceSpan {
                offset: SourceOffset(
                    151,
                ),
                length: 5,
            },
        },
    ],
}
