---
source: crates/trestle/tests/corpus.rs
expression: analysed
---
TypeCheckedProgram {
    expressions: [
        TypeCheckedExpression {
            kind: Let {
                binding: BindingId(
                    0,
                ),
                value: TypeCheckedExpression {
                    kind: Block(
                        [
                            TypeCheckedExpression {
                                kind: Binary(
                                    Add,
                                    TypeCheckedExpression {
                                        kind: Literal(
                                            Int(
                                                1,
                                            ),
                                        ),
                                        span: SourceSpan {
                                            offset: SourceOffset(
                                                217,
                                            ),
                                            length: 1,
                                        },
                                        ty: Literal(
                                            Int,
                                        ),
                                    },
                                    TypeCheckedExpression {
                                        kind: Literal(
                                            Int(
                                                2,
                                            ),
                                        ),
                                        span: SourceSpan {
                                            offset: SourceOffset(
                                                221,
                                            ),
                                            length: 1,
                                        },
                                        ty: Literal(
                                            Int,
                                        ),
                                    },
                                ),
                                span: SourceSpan {
                                    offset: SourceOffset(
                                        217,
                                    ),
                                    length: 5,
                                },
                                ty: Literal(
                                    Int,
                                ),
                            },
                        ],
                    ),
                    span: SourceSpan {
                        offset: SourceOffset(
                            215,
                        ),
                        length: 9,
                    },
                    ty: Literal(
                        Int,
                    ),
                },
            },
            span: SourceSpan {
                offset: SourceOffset(
                    207,
                ),
                length: 17,
            },
            ty: Unit,
        },
        TypeCheckedExpression {
            kind: Var(
                BindingId(
                    0,
                ),
            ),
            span: SourceSpan {
                offset: SourceOffset(
                    232,
                ),
                length: 1,
            },
            ty: Literal(
                Int,
            ),
        },
    ],
    bindings: [
        TypeCheckedBinding {
            name: "x",
            ty: Literal(
                Int,
            ),
            span: SourceSpan {
                offset: SourceOffset(
                    207,
                ),
                length: 17,
            },
        },
    ],
}
