---
source: crates/trestle/tests/corpus.rs
expression: program
---
ParsedProgram {
    expressions: [
        Expression {
            kind: Let {
                name: "x",
                type_dec: Some(
                    Named(
                        "Int",
                    ),
                ),
                value: Expression {
                    kind: Literal(
                        Int(
                            42,
                        ),
                    ),
                    span: SourceSpan {
                        offset: SourceOffset(
                            13,
                        ),
                        length: 2,
                    },
                },
            },
            span: SourceSpan {
                offset: SourceOffset(
                    0,
                ),
                length: 16,
            },
        },
        Expression {
            kind: Var(
                "x",
            ),
            span: SourceSpan {
                offset: SourceOffset(
                    16,
                ),
                length: 1,
            },
        },
    ],
}
