---
source: crates/trestle/tests/corpus.rs
expression: program
---
LoweredProgram {
    expressions: [
        Expression {
            kind: Let {
                name: "add",
                value: Expression {
                    kind: Lambda(
                        Lambda {
                            parameter: Some(
                                Param {
                                    name: "a",
                                    type_dec: Named(
                                        "Int",
                                    ),
                                },
                            ),
                            return_type: None,
                            body: Expression {
                                kind: Lambda(
                                    Lambda {
                                        parameter: Some(
                                            Param {
                                                name: "b",
                                                type_dec: Named(
                                                    "Int",
                                                ),
                                            },
                                        ),
                                        return_type: None,
                                        body: Expression {
                                            kind: Add(
                                                Expression {
                                                    kind: Var(
                                                        "a",
                                                    ),
                                                    span: SourceSpan {
                                                        offset: SourceOffset(
                                                            175,
                                                        ),
                                                        length: 1,
                                                    },
                                                },
                                                Expression {
                                                    kind: Var(
                                                        "b",
                                                    ),
                                                    span: SourceSpan {
                                                        offset: SourceOffset(
                                                            179,
                                                        ),
                                                        length: 1,
                                                    },
                                                },
                                            ),
                                            span: SourceSpan {
                                                offset: SourceOffset(
                                                    175,
                                                ),
                                                length: 5,
                                            },
                                        },
                                    },
                                ),
                                span: SourceSpan {
                                    offset: SourceOffset(
                                        155,
                                    ),
                                    length: 27,
                                },
                            },
                        },
                    ),
                    span: SourceSpan {
                        offset: SourceOffset(
                            155,
                        ),
                        length: 27,
                    },
                },
            },
            span: SourceSpan {
                offset: SourceOffset(
                    145,
                ),
                length: 37,
            },
        },
        Expression {
            kind: Let {
                name: "add10",
                value: Expression {
                    kind: FunctionInvocation {
                        function_name: "add",
                        expressions: [
                            Expression {
                                kind: Int(
                                    10,
                                ),
                                span: SourceSpan {
                                    offset: SourceOffset(
                                        198,
                                    ),
                                    length: 2,
                                },
                            },
                        ],
                    },
                    span: SourceSpan {
                        offset: SourceOffset(
                            194,
                        ),
                        length: 7,
                    },
                },
            },
            span: SourceSpan {
                offset: SourceOffset(
                    182,
                ),
                length: 71,
            },
        },
        Expression {
            kind: Let {
                name: "z",
                value: Expression {
                    kind: FunctionInvocation {
                        function_name: "add10",
                        expressions: [
                            Expression {
                                kind: Int(
                                    5,
                                ),
                                span: SourceSpan {
                                    offset: SourceOffset(
                                        267,
                                    ),
                                    length: 1,
                                },
                            },
                        ],
                    },
                    span: SourceSpan {
                        offset: SourceOffset(
                            261,
                        ),
                        length: 8,
                    },
                },
            },
            span: SourceSpan {
                offset: SourceOffset(
                    253,
                ),
                length: 41,
            },
        },
        Expression {
            kind: Let {
                name: "w",
                value: Expression {
                    kind: FunctionInvocation {
                        function_name: "add",
                        expressions: [
                            Expression {
                                kind: Int(
                                    3,
                                ),
                                span: SourceSpan {
                                    offset: SourceOffset(
                                        306,
                                    ),
                                    length: 1,
                                },
                            },
                            Expression {
                                kind: Int(
                                    4,
                                ),
                                span: SourceSpan {
                                    offset: SourceOffset(
                                        309,
                                    ),
                                    length: 1,
                                },
                            },
                        ],
                    },
                    span: SourceSpan {
                        offset: SourceOffset(
                            302,
                        ),
                        length: 9,
                    },
                },
            },
            span: SourceSpan {
                offset: SourceOffset(
                    294,
                ),
                length: 40,
            },
        },
    ],
}
