---
source: crates/trestle/tests/corpus.rs
expression: analysed
---
AnalysedProgram {
    expressions: [
        AnalysedExpression {
            kind: Let {
                binding: BindingId(
                    2,
                ),
                value: AnalysedExpression {
                    kind: Lambda(
                        Lambda {
                            parameter: Some(
                                Param {
                                    binding: BindingId(
                                        0,
                                    ),
                                    ty: Literal(
                                        Int,
                                    ),
                                },
                            ),
                            body: AnalysedExpression {
                                kind: Lambda(
                                    Lambda {
                                        parameter: Some(
                                            Param {
                                                binding: BindingId(
                                                    1,
                                                ),
                                                ty: Literal(
                                                    Int,
                                                ),
                                            },
                                        ),
                                        body: AnalysedExpression {
                                            kind: Add(
                                                AnalysedExpression {
                                                    kind: Var(
                                                        BindingId(
                                                            0,
                                                        ),
                                                    ),
                                                    span: SourceSpan {
                                                        offset: SourceOffset(
                                                            175,
                                                        ),
                                                        length: 1,
                                                    },
                                                    ty: Literal(
                                                        Int,
                                                    ),
                                                },
                                                AnalysedExpression {
                                                    kind: Var(
                                                        BindingId(
                                                            1,
                                                        ),
                                                    ),
                                                    span: SourceSpan {
                                                        offset: SourceOffset(
                                                            179,
                                                        ),
                                                        length: 1,
                                                    },
                                                    ty: Literal(
                                                        Int,
                                                    ),
                                                },
                                            ),
                                            span: SourceSpan {
                                                offset: SourceOffset(
                                                    175,
                                                ),
                                                length: 5,
                                            },
                                            ty: Literal(
                                                Int,
                                            ),
                                        },
                                    },
                                ),
                                span: SourceSpan {
                                    offset: SourceOffset(
                                        155,
                                    ),
                                    length: 27,
                                },
                                ty: Fn(
                                    Some(
                                        Literal(
                                            Int,
                                        ),
                                    ),
                                    Literal(
                                        Int,
                                    ),
                                ),
                            },
                        },
                    ),
                    span: SourceSpan {
                        offset: SourceOffset(
                            155,
                        ),
                        length: 27,
                    },
                    ty: Fn(
                        Some(
                            Literal(
                                Int,
                            ),
                        ),
                        Fn(
                            Some(
                                Literal(
                                    Int,
                                ),
                            ),
                            Literal(
                                Int,
                            ),
                        ),
                    ),
                },
            },
            span: SourceSpan {
                offset: SourceOffset(
                    145,
                ),
                length: 37,
            },
            ty: Unit,
        },
        AnalysedExpression {
            kind: Let {
                binding: BindingId(
                    3,
                ),
                value: AnalysedExpression {
                    kind: FunctionInvocation(
                        BindingId(
                            2,
                        ),
                        [
                            AnalysedExpression {
                                kind: Literal(
                                    Int(
                                        10,
                                    ),
                                ),
                                span: SourceSpan {
                                    offset: SourceOffset(
                                        198,
                                    ),
                                    length: 2,
                                },
                                ty: Literal(
                                    Int,
                                ),
                            },
                        ],
                    ),
                    span: SourceSpan {
                        offset: SourceOffset(
                            194,
                        ),
                        length: 7,
                    },
                    ty: Fn(
                        Some(
                            Literal(
                                Int,
                            ),
                        ),
                        Literal(
                            Int,
                        ),
                    ),
                },
            },
            span: SourceSpan {
                offset: SourceOffset(
                    182,
                ),
                length: 71,
            },
            ty: Unit,
        },
        AnalysedExpression {
            kind: Let {
                binding: BindingId(
                    4,
                ),
                value: AnalysedExpression {
                    kind: FunctionInvocation(
                        BindingId(
                            3,
                        ),
                        [
                            AnalysedExpression {
                                kind: Literal(
                                    Int(
                                        5,
                                    ),
                                ),
                                span: SourceSpan {
                                    offset: SourceOffset(
                                        267,
                                    ),
                                    length: 1,
                                },
                                ty: Literal(
                                    Int,
                                ),
                            },
                        ],
                    ),
                    span: SourceSpan {
                        offset: SourceOffset(
                            261,
                        ),
                        length: 8,
                    },
                    ty: Literal(
                        Int,
                    ),
                },
            },
            span: SourceSpan {
                offset: SourceOffset(
                    253,
                ),
                length: 41,
            },
            ty: Unit,
        },
        AnalysedExpression {
            kind: Let {
                binding: BindingId(
                    5,
                ),
                value: AnalysedExpression {
                    kind: FunctionInvocation(
                        BindingId(
                            2,
                        ),
                        [
                            AnalysedExpression {
                                kind: Literal(
                                    Int(
                                        3,
                                    ),
                                ),
                                span: SourceSpan {
                                    offset: SourceOffset(
                                        306,
                                    ),
                                    length: 1,
                                },
                                ty: Literal(
                                    Int,
                                ),
                            },
                            AnalysedExpression {
                                kind: Literal(
                                    Int(
                                        4,
                                    ),
                                ),
                                span: SourceSpan {
                                    offset: SourceOffset(
                                        309,
                                    ),
                                    length: 1,
                                },
                                ty: Literal(
                                    Int,
                                ),
                            },
                        ],
                    ),
                    span: SourceSpan {
                        offset: SourceOffset(
                            302,
                        ),
                        length: 9,
                    },
                    ty: Literal(
                        Int,
                    ),
                },
            },
            span: SourceSpan {
                offset: SourceOffset(
                    294,
                ),
                length: 40,
            },
            ty: Unit,
        },
    ],
    bindings: [
        AnalysedBinding {
            name: "a",
            ty: Literal(
                Int,
            ),
            span: SourceSpan {
                offset: SourceOffset(
                    155,
                ),
                length: 27,
            },
        },
        AnalysedBinding {
            name: "b",
            ty: Literal(
                Int,
            ),
            span: SourceSpan {
                offset: SourceOffset(
                    155,
                ),
                length: 27,
            },
        },
        AnalysedBinding {
            name: "add",
            ty: Fn(
                Some(
                    Literal(
                        Int,
                    ),
                ),
                Fn(
                    Some(
                        Literal(
                            Int,
                        ),
                    ),
                    Literal(
                        Int,
                    ),
                ),
            ),
            span: SourceSpan {
                offset: SourceOffset(
                    145,
                ),
                length: 37,
            },
        },
        AnalysedBinding {
            name: "add10",
            ty: Fn(
                Some(
                    Literal(
                        Int,
                    ),
                ),
                Literal(
                    Int,
                ),
            ),
            span: SourceSpan {
                offset: SourceOffset(
                    182,
                ),
                length: 71,
            },
        },
        AnalysedBinding {
            name: "z",
            ty: Literal(
                Int,
            ),
            span: SourceSpan {
                offset: SourceOffset(
                    253,
                ),
                length: 41,
            },
        },
        AnalysedBinding {
            name: "w",
            ty: Literal(
                Int,
            ),
            span: SourceSpan {
                offset: SourceOffset(
                    294,
                ),
                length: 40,
            },
        },
    ],
}
