---
source: crates/trestle/tests/corpus.rs
expression: program
---
Program {
    statements: [
        Let {
            name: "add",
            value: Lambda(
                Lambda {
                    params: [
                        Param {
                            name: "a",
                            type_dec: None,
                        },
                        Param {
                            name: "b",
                            type_dec: None,
                        },
                    ],
                    return_type: None,
                    body: Add(
                        Var(
                            "a",
                        ),
                        Var(
                            "b",
                        ),
                    ),
                },
            ),
        },
        Let {
            name: "add10",
            value: FunctionInvocation(
                "add",
                [
                    Int(
                        10,
                    ),
                ],
            ),
        },
        Let {
            name: "z",
            value: FunctionInvocation(
                "add10",
                [
                    Int(
                        5,
                    ),
                ],
            ),
        },
        Let {
            name: "w",
            value: FunctionInvocation(
                "add",
                [
                    Int(
                        3,
                    ),
                    Int(
                        4,
                    ),
                ],
            ),
        },
    ],
}
