---
source: crates/trestle/tests/corpus.rs
expression: analysed
---
AnalysedProgram {
    expressions: [
        AnalysedExpression {
            kind: Literal(
                Int(
                    6,
                ),
            ),
            span: SourceSpan {
                offset: SourceOffset(
                    65,
                ),
                length: 5,
            },
            ty: Literal(
                Int,
            ),
        },
    ],
    bindings: [],
}
