---
source: crates/trestle/tests/corpus.rs
expression: analysed
---
TypeCheckedProgram {
    expressions: [
        TypeCheckedExpression {
            kind: Let {
                binding: BindingId(
                    1,
                ),
                value: TypeCheckedExpression {
                    kind: Lambda(
                        Lambda {
                            parameter: Some(
                                Param {
                                    binding: BindingId(
                                        0,
                                    ),
                                    ty: Literal(
                                        Int,
                                    ),
                                },
                            ),
                            body: TypeCheckedExpression {
                                kind: Binary(
                                    Mul,
                                    TypeCheckedExpression {
                                        kind: Var(
                                            BindingId(
                                                0,
                                            ),
                                        ),
                                        span: SourceSpan {
                                            offset: SourceOffset(
                                                169,
                                            ),
                                            length: 1,
                                        },
                                        ty: Literal(
                                            Int,
                                        ),
                                    },
                                    TypeCheckedExpression {
                                        kind: Literal(
                                            Int(
                                                2,
                                            ),
                                        ),
                                        span: SourceSpan {
                                            offset: SourceOffset(
                                                173,
                                            ),
                                            length: 1,
                                        },
                                        ty: Literal(
                                            Int,
                                        ),
                                    },
                                ),
                                span: SourceSpan {
                                    offset: SourceOffset(
                                        169,
                                    ),
                                    length: 5,
                                },
                                ty: Literal(
                                    Int,
                                ),
                            },
                        },
                    ),
                    span: SourceSpan {
                        offset: SourceOffset(
                            157,
                        ),
                        length: 17,
                    },
                    ty: Fn(
                        Some(
                            Literal(
                                Int,
                            ),
                        ),
                        Literal(
                            Int,
                        ),
                    ),
                },
            },
            span: SourceSpan {
                offset: SourceOffset(
                    144,
                ),
                length: 30,
            },
            ty: Unit,
        },
        TypeCheckedExpression {
            kind: Let {
                binding: BindingId(
                    4,
                ),
                value: TypeCheckedExpression {
                    kind: Lambda(
                        Lambda {
                            parameter: Some(
                                Param {
                                    binding: BindingId(
                                        2,
                                    ),
                                    ty: Literal(
                                        Int,
                                    ),
                                },
                            ),
                            body: TypeCheckedExpression {
                                kind: Lambda(
                                    Lambda {
                                        parameter: Some(
                                            Param {
                                                binding: BindingId(
                                                    3,
                                                ),
                                                ty: Literal(
                                                    Int,
                                                ),
                                            },
                                        ),
                                        body: TypeCheckedExpression {
                                            kind: Binary(
                                                Add,
                                                TypeCheckedExpression {
                                                    kind: Var(
                                                        BindingId(
                                                            2,
                                                        ),
                                                    ),
                                                    span: SourceSpan {
                                                        offset: SourceOffset(
                                                            205,
                                                        ),
                                                        length: 1,
                                                    },
                                                    ty: Literal(
                                                        Int,
                                                    ),
                                                },
                                                TypeCheckedExpression {
                                                    kind: Var(
                                                        BindingId(
                                                            3,
                                                        ),
                                                    ),
                                                    span: SourceSpan {
                                                        offset: SourceOffset(
                                                            209,
                                                        ),
                                                        length: 1,
                                                    },
                                                    ty: Literal(
                                                        Int,
                                                    ),
                                                },
                                            ),
                                            span: SourceSpan {
                                                offset: SourceOffset(
                                                    205,
                                                ),
                                                length: 5,
                                            },
                                            ty: Literal(
                                                Int,
                                            ),
                                        },
                                    },
                                ),
                                span: SourceSpan {
                                    offset: SourceOffset(
                                        185,
                                    ),
                                    length: 25,
                                },
                                ty: Fn(
                                    Some(
                                        Literal(
                                            Int,
                                        ),
                                    ),
                                    Literal(
                                        Int,
                                    ),
                                ),
                            },
                        },
                    ),
                    span: SourceSpan {
                        offset: SourceOffset(
                            185,
                        ),
                        length: 25,
                    },
                    ty: Fn(
                        Some(
                            Literal(
                                Int,
                            ),
                        ),
                        Fn(
                            Some(
                                Literal(
                                    Int,
                                ),
                            ),
                            Literal(
                                Int,
                            ),
                        ),
                    ),
                },
            },
            span: SourceSpan {
                offset: SourceOffset(
                    175,
                ),
                length: 35,
            },
            ty: Unit,
        },
        TypeCheckedExpression {
            kind: Let {
                binding: BindingId(
                    5,
                ),
                value: TypeCheckedExpression {
                    kind: Binary(
                        Pipe,
                        TypeCheckedExpression {
                            kind: Binary(
                                Pipe,
                                TypeCheckedExpression {
                                    kind: Literal(
                                        Int(
                                            5,
                                        ),
                                    ),
                                    span: SourceSpan {
                                        offset: SourceOffset(
                                            225,
                                        ),
                                        length: 1,
                                    },
                                    ty: Literal(
                                        Int,
                                    ),
                                },
                                TypeCheckedExpression {
                                    kind: FunctionInvocation(
                                        BindingId(
                                            4,
                                        ),
                                        [
                                            TypeCheckedExpression {
                                                kind: Literal(
                                                    Int(
                                                        3,
                                                    ),
                                                ),
                                                span: SourceSpan {
                                                    offset: SourceOffset(
                                                        234,
                                                    ),
                                                    length: 1,
                                                },
                                                ty: Literal(
                                                    Int,
                                                ),
                                            },
                                        ],
                                    ),
                                    span: SourceSpan {
                                        offset: SourceOffset(
                                            230,
                                        ),
                                        length: 6,
                                    },
                                    ty: Fn(
                                        Some(
                                            Literal(
                                                Int,
                                            ),
                                        ),
                                        Literal(
                                            Int,
                                        ),
                                    ),
                                },
                            ),
                            span: SourceSpan {
                                offset: SourceOffset(
                                    225,
                                ),
                                length: 11,
                            },
                            ty: Literal(
                                Int,
                            ),
                        },
                        TypeCheckedExpression {
                            kind: Var(
                                BindingId(
                                    1,
                                ),
                            ),
                            span: SourceSpan {
                                offset: SourceOffset(
                                    240,
                                ),
                                length: 6,
                            },
                            ty: Fn(
                                Some(
                                    Literal(
                                        Int,
                                    ),
                                ),
                                Literal(
                                    Int,
                                ),
                            ),
                        },
                    ),
                    span: SourceSpan {
                        offset: SourceOffset(
                            225,
                        ),
                        length: 21,
                    },
                    ty: Literal(
                        Int,
                    ),
                },
            },
            span: SourceSpan {
                offset: SourceOffset(
                    212,
                ),
                length: 34,
            },
            ty: Unit,
        },
        TypeCheckedExpression {
            kind: Var(
                BindingId(
                    5,
                ),
            ),
            span: SourceSpan {
                offset: SourceOffset(
                    276,
                ),
                length: 6,
            },
            ty: Literal(
                Int,
            ),
        },
    ],
    bindings: [
        TypeCheckedBinding {
            name: "x",
            ty: Literal(
                Int,
            ),
            span: SourceSpan {
                offset: SourceOffset(
                    157,
                ),
                length: 17,
            },
        },
        TypeCheckedBinding {
            name: "double",
            ty: Fn(
                Some(
                    Literal(
                        Int,
                    ),
                ),
                Literal(
                    Int,
                ),
            ),
            span: SourceSpan {
                offset: SourceOffset(
                    144,
                ),
                length: 30,
            },
        },
        TypeCheckedBinding {
            name: "a",
            ty: Literal(
                Int,
            ),
            span: SourceSpan {
                offset: SourceOffset(
                    185,
                ),
                length: 25,
            },
        },
        TypeCheckedBinding {
            name: "b",
            ty: Literal(
                Int,
            ),
            span: SourceSpan {
                offset: SourceOffset(
                    185,
                ),
                length: 25,
            },
        },
        TypeCheckedBinding {
            name: "add",
            ty: Fn(
                Some(
                    Literal(
                        Int,
                    ),
                ),
                Fn(
                    Some(
                        Literal(
                            Int,
                        ),
                    ),
                    Literal(
                        Int,
                    ),
                ),
            ),
            span: SourceSpan {
                offset: SourceOffset(
                    175,
                ),
                length: 35,
            },
        },
        TypeCheckedBinding {
            name: "result",
            ty: Literal(
                Int,
            ),
            span: SourceSpan {
                offset: SourceOffset(
                    212,
                ),
                length: 34,
            },
        },
    ],
}
