---
source: crates/trestle/tests/corpus.rs
expression: analysed
---
AnalysedProgram {
    expressions: [
        AnalysedExpression {
            kind: Binary(
                Ge,
                AnalysedExpression {
                    kind: Literal(
                        Int(
                            5,
                        ),
                    ),
                    span: SourceSpan {
                        offset: SourceOffset(
                            176,
                        ),
                        length: 1,
                    },
                    ty: Literal(
                        Int,
                    ),
                },
                AnalysedExpression {
                    kind: Literal(
                        Int(
                            5,
                        ),
                    ),
                    span: SourceSpan {
                        offset: SourceOffset(
                            181,
                        ),
                        length: 1,
                    },
                    ty: Literal(
                        Int,
                    ),
                },
            ),
            span: SourceSpan {
                offset: SourceOffset(
                    176,
                ),
                length: 6,
            },
            ty: Literal(
                Bool,
            ),
        },
    ],
    bindings: [],
}
