---
source: crates/trestle/tests/corpus.rs
expression: program
---
LoweredProgram {
    expressions: [
        Expression {
            kind: Let {
                name: "create_closure",
                type_dec: None,
                value: Expression {
                    kind: Lambda(
                        Lambda {
                            parameter: None,
                            return_type: None,
                            body: Expression {
                                kind: Block(
                                    [
                                        Expression {
                                            kind: Let {
                                                name: "my_value",
                                                type_dec: None,
                                                value: Expression {
                                                    kind: Literal(
                                                        Int(
                                                            1,
                                                        ),
                                                    ),
                                                    span: SourceSpan {
                                                        offset: SourceOffset(
                                                            49,
                                                        ),
                                                        length: 1,
                                                    },
                                                },
                                            },
                                            span: SourceSpan {
                                                offset: SourceOffset(
                                                    34,
                                                ),
                                                length: 24,
                                            },
                                        },
                                        Expression {
                                            kind: Lambda(
                                                Lambda {
                                                    parameter: None,
                                                    return_type: None,
                                                    body: Expression {
                                                        kind: Var(
                                                            "my_value",
                                                        ),
                                                        span: SourceSpan {
                                                            offset: SourceOffset(
                                                                64,
                                                            ),
                                                            length: 8,
                                                        },
                                                    },
                                                },
                                            ),
                                            span: SourceSpan {
                                                offset: SourceOffset(
                                                    58,
                                                ),
                                                length: 16,
                                            },
                                        },
                                    ],
                                ),
                                span: SourceSpan {
                                    offset: SourceOffset(
                                        27,
                                    ),
                                    length: 48,
                                },
                            },
                        },
                    ),
                    span: SourceSpan {
                        offset: SourceOffset(
                            21,
                        ),
                        length: 54,
                    },
                },
            },
            span: SourceSpan {
                offset: SourceOffset(
                    0,
                ),
                length: 75,
            },
        },
        Expression {
            kind: Let {
                name: "closure",
                type_dec: None,
                value: Expression {
                    kind: FunctionInvocation {
                        function_name: "create_closure",
                        expressions: [],
                    },
                    span: SourceSpan {
                        offset: SourceOffset(
                            93,
                        ),
                        length: 16,
                    },
                },
            },
            span: SourceSpan {
                offset: SourceOffset(
                    79,
                ),
                length: 34,
            },
        },
        Expression {
            kind: FunctionInvocation {
                function_name: "closure",
                expressions: [],
            },
            span: SourceSpan {
                offset: SourceOffset(
                    113,
                ),
                length: 9,
            },
        },
    ],
}
