---
source: crates/trestle/tests/corpus.rs
expression: analysed
---
TypeCheckedProgram {
    expressions: [
        TypeCheckedExpression {
            kind: Let {
                binding: BindingId(
                    1,
                ),
                value: TypeCheckedExpression {
                    kind: Lambda(
                        Lambda {
                            parameter: None,
                            body: TypeCheckedExpression {
                                kind: Block(
                                    [
                                        TypeCheckedExpression {
                                            kind: Let {
                                                binding: BindingId(
                                                    0,
                                                ),
                                                value: TypeCheckedExpression {
                                                    kind: Literal(
                                                        Int(
                                                            1,
                                                        ),
                                                    ),
                                                    span: SourceSpan {
                                                        offset: SourceOffset(
                                                            48,
                                                        ),
                                                        length: 1,
                                                    },
                                                    ty: Literal(
                                                        Int,
                                                    ),
                                                },
                                            },
                                            span: SourceSpan {
                                                offset: SourceOffset(
                                                    33,
                                                ),
                                                length: 22,
                                            },
                                            ty: Unit,
                                        },
                                        TypeCheckedExpression {
                                            kind: Lambda(
                                                Lambda {
                                                    parameter: None,
                                                    body: TypeCheckedExpression {
                                                        kind: Var(
                                                            BindingId(
                                                                0,
                                                            ),
                                                        ),
                                                        span: SourceSpan {
                                                            offset: SourceOffset(
                                                                61,
                                                            ),
                                                            length: 8,
                                                        },
                                                        ty: Literal(
                                                            Int,
                                                        ),
                                                    },
                                                },
                                            ),
                                            span: SourceSpan {
                                                offset: SourceOffset(
                                                    55,
                                                ),
                                                length: 15,
                                            },
                                            ty: Fn(
                                                None,
                                                Literal(
                                                    Int,
                                                ),
                                            ),
                                        },
                                    ],
                                ),
                                span: SourceSpan {
                                    offset: SourceOffset(
                                        27,
                                    ),
                                    length: 44,
                                },
                                ty: Fn(
                                    None,
                                    Literal(
                                        Int,
                                    ),
                                ),
                            },
                        },
                    ),
                    span: SourceSpan {
                        offset: SourceOffset(
                            21,
                        ),
                        length: 50,
                    },
                    ty: Fn(
                        None,
                        Fn(
                            None,
                            Literal(
                                Int,
                            ),
                        ),
                    ),
                },
            },
            span: SourceSpan {
                offset: SourceOffset(
                    0,
                ),
                length: 71,
            },
            ty: Unit,
        },
        TypeCheckedExpression {
            kind: Let {
                binding: BindingId(
                    2,
                ),
                value: TypeCheckedExpression {
                    kind: FunctionInvocation(
                        BindingId(
                            1,
                        ),
                        [],
                    ),
                    span: SourceSpan {
                        offset: SourceOffset(
                            87,
                        ),
                        length: 16,
                    },
                    ty: Fn(
                        None,
                        Literal(
                            Int,
                        ),
                    ),
                },
            },
            span: SourceSpan {
                offset: SourceOffset(
                    73,
                ),
                length: 32,
            },
            ty: Unit,
        },
        TypeCheckedExpression {
            kind: FunctionInvocation(
                BindingId(
                    2,
                ),
                [],
            ),
            span: SourceSpan {
                offset: SourceOffset(
                    105,
                ),
                length: 9,
            },
            ty: Literal(
                Int,
            ),
        },
    ],
    bindings: [
        TypeCheckedBinding {
            name: "my_value",
            ty: Literal(
                Int,
            ),
            span: SourceSpan {
                offset: SourceOffset(
                    33,
                ),
                length: 22,
            },
        },
        TypeCheckedBinding {
            name: "create_closure",
            ty: Fn(
                None,
                Fn(
                    None,
                    Literal(
                        Int,
                    ),
                ),
            ),
            span: SourceSpan {
                offset: SourceOffset(
                    0,
                ),
                length: 71,
            },
        },
        TypeCheckedBinding {
            name: "closure",
            ty: Fn(
                None,
                Literal(
                    Int,
                ),
            ),
            span: SourceSpan {
                offset: SourceOffset(
                    73,
                ),
                length: 32,
            },
        },
    ],
}
