---
source: crates/trestle/tests/corpus.rs
expression: program
---
LoweredProgram {
    expressions: [
        Expression {
            kind: Let {
                name: "double",
                value: Expression {
                    kind: Lambda(
                        Lambda {
                            parameter: Some(
                                Param {
                                    name: "x",
                                    type_dec: Named(
                                        "Int",
                                    ),
                                },
                            ),
                            return_type: None,
                            body: Expression {
                                kind: Mul(
                                    Expression {
                                        kind: Var(
                                            "x",
                                        ),
                                        span: SourceSpan {
                                            offset: SourceOffset(
                                                169,
                                            ),
                                            length: 1,
                                        },
                                    },
                                    Expression {
                                        kind: Int(
                                            2,
                                        ),
                                        span: SourceSpan {
                                            offset: SourceOffset(
                                                173,
                                            ),
                                            length: 1,
                                        },
                                    },
                                ),
                                span: SourceSpan {
                                    offset: SourceOffset(
                                        169,
                                    ),
                                    length: 5,
                                },
                            },
                        },
                    ),
                    span: SourceSpan {
                        offset: SourceOffset(
                            157,
                        ),
                        length: 18,
                    },
                },
            },
            span: SourceSpan {
                offset: SourceOffset(
                    144,
                ),
                length: 31,
            },
        },
        Expression {
            kind: FunctionInvocation {
                function_name: "double",
                expressions: [
                    Expression {
                        kind: Int(
                            2,
                        ),
                        span: SourceSpan {
                            offset: SourceOffset(
                                182,
                            ),
                            length: 1,
                        },
                    },
                ],
            },
            span: SourceSpan {
                offset: SourceOffset(
                    175,
                ),
                length: 9,
            },
        },
    ],
}
