---
source: crates/trestle/tests/corpus.rs
expression: analysed
---
TypeCheckedProgram {
    expressions: [
        TypeCheckedExpression {
            kind: If {
                condition: TypeCheckedExpression {
                    kind: Binary(
                        Gt,
                        TypeCheckedExpression {
                            kind: Literal(
                                Int(
                                    3,
                                ),
                            ),
                            span: SourceSpan {
                                offset: SourceOffset(
                                    325,
                                ),
                                length: 1,
                            },
                            ty: Literal(
                                Int,
                            ),
                        },
                        TypeCheckedExpression {
                            kind: Literal(
                                Int(
                                    2,
                                ),
                            ),
                            span: SourceSpan {
                                offset: SourceOffset(
                                    329,
                                ),
                                length: 1,
                            },
                            ty: Literal(
                                Int,
                            ),
                        },
                    ),
                    span: SourceSpan {
                        offset: SourceOffset(
                            325,
                        ),
                        length: 5,
                    },
                    ty: Literal(
                        Bool,
                    ),
                },
                then_branch: TypeCheckedExpression {
                    kind: Literal(
                        Int(
                            10,
                        ),
                    ),
                    span: SourceSpan {
                        offset: SourceOffset(
                            332,
                        ),
                        length: 2,
                    },
                    ty: Literal(
                        Int,
                    ),
                },
                else_branch: None,
            },
            span: SourceSpan {
                offset: SourceOffset(
                    321,
                ),
                length: 14,
            },
            ty: Literal(
                Int,
            ),
        },
    ],
    bindings: [],
}
