---
source: crates/trestle/tests/corpus.rs
expression: program
---
LoweredProgram {
    expressions: [
        Expression {
            kind: Unary(
                Not,
                Expression {
                    kind: Literal(
                        Bool(
                            true,
                        ),
                    ),
                    span: SourceSpan {
                        offset: SourceOffset(
                            146,
                        ),
                        length: 4,
                    },
                },
            ),
            span: SourceSpan {
                offset: SourceOffset(
                    145,
                ),
                length: 5,
            },
        },
    ],
}
