---
source: crates/trestle/tests/corpus.rs
expression: program
---
LoweredProgram {
    expressions: [
        Expression {
            kind: Let {
                name: "natural",
                value: Expression {
                    kind: Binary(
                        Add,
                        Expression {
                            kind: Literal(
                                Int(
                                    1,
                                ),
                            ),
                            span: SourceSpan {
                                offset: SourceOffset(
                                    92,
                                ),
                                length: 1,
                            },
                        },
                        Expression {
                            kind: Binary(
                                Mul,
                                Expression {
                                    kind: Literal(
                                        Int(
                                            2,
                                        ),
                                    ),
                                    span: SourceSpan {
                                        offset: SourceOffset(
                                            96,
                                        ),
                                        length: 1,
                                    },
                                },
                                Expression {
                                    kind: Literal(
                                        Int(
                                            3,
                                        ),
                                    ),
                                    span: SourceSpan {
                                        offset: SourceOffset(
                                            100,
                                        ),
                                        length: 1,
                                    },
                                },
                            ),
                            span: SourceSpan {
                                offset: SourceOffset(
                                    96,
                                ),
                                length: 5,
                            },
                        },
                    ),
                    span: SourceSpan {
                        offset: SourceOffset(
                            92,
                        ),
                        length: 9,
                    },
                },
            },
            span: SourceSpan {
                offset: SourceOffset(
                    78,
                ),
                length: 23,
            },
        },
        Expression {
            kind: Let {
                name: "grouped",
                value: Expression {
                    kind: Binary(
                        Mul,
                        Expression {
                            kind: Binary(
                                Add,
                                Expression {
                                    kind: Literal(
                                        Int(
                                            1,
                                        ),
                                    ),
                                    span: SourceSpan {
                                        offset: SourceOffset(
                                            142,
                                        ),
                                        length: 1,
                                    },
                                },
                                Expression {
                                    kind: Literal(
                                        Int(
                                            2,
                                        ),
                                    ),
                                    span: SourceSpan {
                                        offset: SourceOffset(
                                            146,
                                        ),
                                        length: 1,
                                    },
                                },
                            ),
                            span: SourceSpan {
                                offset: SourceOffset(
                                    142,
                                ),
                                length: 5,
                            },
                        },
                        Expression {
                            kind: Literal(
                                Int(
                                    3,
                                ),
                            ),
                            span: SourceSpan {
                                offset: SourceOffset(
                                    151,
                                ),
                                length: 1,
                            },
                        },
                    ),
                    span: SourceSpan {
                        offset: SourceOffset(
                            142,
                        ),
                        length: 10,
                    },
                },
            },
            span: SourceSpan {
                offset: SourceOffset(
                    127,
                ),
                length: 25,
            },
        },
        Expression {
            kind: Let {
                name: "nested",
                value: Expression {
                    kind: Binary(
                        Mul,
                        Expression {
                            kind: Binary(
                                Add,
                                Expression {
                                    kind: Literal(
                                        Int(
                                            1,
                                        ),
                                    ),
                                    span: SourceSpan {
                                        offset: SourceOffset(
                                            178,
                                        ),
                                        length: 1,
                                    },
                                },
                                Expression {
                                    kind: Literal(
                                        Int(
                                            2,
                                        ),
                                    ),
                                    span: SourceSpan {
                                        offset: SourceOffset(
                                            182,
                                        ),
                                        length: 1,
                                    },
                                },
                            ),
                            span: SourceSpan {
                                offset: SourceOffset(
                                    178,
                                ),
                                length: 5,
                            },
                        },
                        Expression {
                            kind: Binary(
                                Add,
                                Expression {
                                    kind: Literal(
                                        Int(
                                            3,
                                        ),
                                    ),
                                    span: SourceSpan {
                                        offset: SourceOffset(
                                            188,
                                        ),
                                        length: 1,
                                    },
                                },
                                Expression {
                                    kind: Literal(
                                        Int(
                                            4,
                                        ),
                                    ),
                                    span: SourceSpan {
                                        offset: SourceOffset(
                                            192,
                                        ),
                                        length: 1,
                                    },
                                },
                            ),
                            span: SourceSpan {
                                offset: SourceOffset(
                                    188,
                                ),
                                length: 5,
                            },
                        },
                    ),
                    span: SourceSpan {
                        offset: SourceOffset(
                            178,
                        ),
                        length: 15,
                    },
                },
            },
            span: SourceSpan {
                offset: SourceOffset(
                    162,
                ),
                length: 34,
            },
        },
        Expression {
            kind: Var(
                "nested",
            ),
            span: SourceSpan {
                offset: SourceOffset(
                    196,
                ),
                length: 6,
            },
        },
    ],
}
