---
source: crates/trestle/tests/corpus.rs
expression: analysed
---
AnalysedProgram {
    expressions: [
        AnalysedExpression {
            kind: Let {
                binding: BindingId(
                    0,
                ),
                value: AnalysedExpression {
                    kind: Int(
                        7,
                    ),
                    span: SourceSpan {
                        offset: SourceOffset(
                            92,
                        ),
                        length: 9,
                    },
                    ty: Literal(
                        Int,
                    ),
                },
            },
            span: SourceSpan {
                offset: SourceOffset(
                    78,
                ),
                length: 23,
            },
            ty: Unit,
        },
        AnalysedExpression {
            kind: Let {
                binding: BindingId(
                    1,
                ),
                value: AnalysedExpression {
                    kind: Int(
                        9,
                    ),
                    span: SourceSpan {
                        offset: SourceOffset(
                            142,
                        ),
                        length: 10,
                    },
                    ty: Literal(
                        Int,
                    ),
                },
            },
            span: SourceSpan {
                offset: SourceOffset(
                    127,
                ),
                length: 35,
            },
            ty: Unit,
        },
        AnalysedExpression {
            kind: Let {
                binding: BindingId(
                    2,
                ),
                value: AnalysedExpression {
                    kind: Int(
                        21,
                    ),
                    span: SourceSpan {
                        offset: SourceOffset(
                            178,
                        ),
                        length: 15,
                    },
                    ty: Literal(
                        Int,
                    ),
                },
            },
            span: SourceSpan {
                offset: SourceOffset(
                    162,
                ),
                length: 34,
            },
            ty: Unit,
        },
    ],
    bindings: [
        AnalysedBinding {
            name: "natural",
            ty: Literal(
                Int,
            ),
            span: SourceSpan {
                offset: SourceOffset(
                    78,
                ),
                length: 23,
            },
        },
        AnalysedBinding {
            name: "grouped",
            ty: Literal(
                Int,
            ),
            span: SourceSpan {
                offset: SourceOffset(
                    127,
                ),
                length: 35,
            },
        },
        AnalysedBinding {
            name: "nested",
            ty: Literal(
                Int,
            ),
            span: SourceSpan {
                offset: SourceOffset(
                    162,
                ),
                length: 34,
            },
        },
    ],
}
