---
source: crates/trestle/tests/corpus.rs
expression: program
---
LoweredProgram {
    expressions: [
        Expression {
            kind: Let {
                name: "add",
                type_dec: None,
                value: Expression {
                    kind: Lambda(
                        Lambda {
                            parameter: Some(
                                Param {
                                    name: "a",
                                    type_dec: Named(
                                        "Int",
                                    ),
                                },
                            ),
                            return_type: None,
                            body: Expression {
                                kind: Lambda(
                                    Lambda {
                                        parameter: Some(
                                            Param {
                                                name: "b",
                                                type_dec: Named(
                                                    "Int",
                                                ),
                                            },
                                        ),
                                        return_type: None,
                                        body: Expression {
                                            kind: Binary(
                                                Add,
                                                Expression {
                                                    kind: Var(
                                                        "a",
                                                    ),
                                                    span: SourceSpan {
                                                        offset: SourceOffset(
                                                            183,
                                                        ),
                                                        length: 1,
                                                    },
                                                },
                                                Expression {
                                                    kind: Var(
                                                        "b",
                                                    ),
                                                    span: SourceSpan {
                                                        offset: SourceOffset(
                                                            187,
                                                        ),
                                                        length: 1,
                                                    },
                                                },
                                            ),
                                            span: SourceSpan {
                                                offset: SourceOffset(
                                                    183,
                                                ),
                                                length: 5,
                                            },
                                        },
                                    },
                                ),
                                span: SourceSpan {
                                    offset: SourceOffset(
                                        163,
                                    ),
                                    length: 25,
                                },
                            },
                        },
                    ),
                    span: SourceSpan {
                        offset: SourceOffset(
                            163,
                        ),
                        length: 25,
                    },
                },
            },
            span: SourceSpan {
                offset: SourceOffset(
                    151,
                ),
                length: 37,
            },
        },
        Expression {
            kind: Let {
                name: "mul",
                type_dec: None,
                value: Expression {
                    kind: Lambda(
                        Lambda {
                            parameter: Some(
                                Param {
                                    name: "a",
                                    type_dec: Named(
                                        "Int",
                                    ),
                                },
                            ),
                            return_type: None,
                            body: Expression {
                                kind: Lambda(
                                    Lambda {
                                        parameter: Some(
                                            Param {
                                                name: "b",
                                                type_dec: Named(
                                                    "Int",
                                                ),
                                            },
                                        ),
                                        return_type: None,
                                        body: Expression {
                                            kind: Binary(
                                                Mul,
                                                Expression {
                                                    kind: Var(
                                                        "a",
                                                    ),
                                                    span: SourceSpan {
                                                        offset: SourceOffset(
                                                            221,
                                                        ),
                                                        length: 1,
                                                    },
                                                },
                                                Expression {
                                                    kind: Var(
                                                        "b",
                                                    ),
                                                    span: SourceSpan {
                                                        offset: SourceOffset(
                                                            225,
                                                        ),
                                                        length: 1,
                                                    },
                                                },
                                            ),
                                            span: SourceSpan {
                                                offset: SourceOffset(
                                                    221,
                                                ),
                                                length: 5,
                                            },
                                        },
                                    },
                                ),
                                span: SourceSpan {
                                    offset: SourceOffset(
                                        201,
                                    ),
                                    length: 25,
                                },
                            },
                        },
                    ),
                    span: SourceSpan {
                        offset: SourceOffset(
                            201,
                        ),
                        length: 25,
                    },
                },
            },
            span: SourceSpan {
                offset: SourceOffset(
                    189,
                ),
                length: 37,
            },
        },
        Expression {
            kind: Let {
                name: "inc",
                type_dec: None,
                value: Expression {
                    kind: FunctionInvocation {
                        function_name: "add",
                        expressions: [
                            Expression {
                                kind: Literal(
                                    Int(
                                        1,
                                    ),
                                ),
                                span: SourceSpan {
                                    offset: SourceOffset(
                                        246,
                                    ),
                                    length: 1,
                                },
                            },
                        ],
                    },
                    span: SourceSpan {
                        offset: SourceOffset(
                            242,
                        ),
                        length: 6,
                    },
                },
            },
            span: SourceSpan {
                offset: SourceOffset(
                    228,
                ),
                length: 55,
            },
        },
        Expression {
            kind: Let {
                name: "triple",
                type_dec: None,
                value: Expression {
                    kind: FunctionInvocation {
                        function_name: "mul",
                        expressions: [
                            Expression {
                                kind: Literal(
                                    Int(
                                        3,
                                    ),
                                ),
                                span: SourceSpan {
                                    offset: SourceOffset(
                                        301,
                                    ),
                                    length: 1,
                                },
                            },
                        ],
                    },
                    span: SourceSpan {
                        offset: SourceOffset(
                            297,
                        ),
                        length: 6,
                    },
                },
            },
            span: SourceSpan {
                offset: SourceOffset(
                    283,
                ),
                length: 59,
            },
        },
        Expression {
            kind: Let {
                name: "result",
                type_dec: None,
                value: Expression {
                    kind: FunctionInvocation {
                        function_name: "triple",
                        expressions: [
                            Expression {
                                kind: FunctionInvocation {
                                    function_name: "inc",
                                    expressions: [
                                        Expression {
                                            kind: Literal(
                                                Int(
                                                    9,
                                                ),
                                            ),
                                            span: SourceSpan {
                                                offset: SourceOffset(
                                                    366,
                                                ),
                                                length: 1,
                                            },
                                        },
                                    ],
                                },
                                span: SourceSpan {
                                    offset: SourceOffset(
                                        362,
                                    ),
                                    length: 6,
                                },
                            },
                        ],
                    },
                    span: SourceSpan {
                        offset: SourceOffset(
                            355,
                        ),
                        length: 14,
                    },
                },
            },
            span: SourceSpan {
                offset: SourceOffset(
                    342,
                ),
                length: 50,
            },
        },
    ],
}
