---
source: crates/trestle/tests/corpus.rs
expression: program
---
ParsedProgram {
    expressions: [
        Expression {
            kind: Binary(
                Or,
                Expression {
                    kind: Literal(
                        Bool(
                            true,
                        ),
                    ),
                    span: SourceSpan {
                        offset: SourceOffset(
                            82,
                        ),
                        length: 4,
                    },
                },
                Expression {
                    kind: Literal(
                        Bool(
                            false,
                        ),
                    ),
                    span: SourceSpan {
                        offset: SourceOffset(
                            90,
                        ),
                        length: 5,
                    },
                },
            ),
            span: SourceSpan {
                offset: SourceOffset(
                    82,
                ),
                length: 13,
            },
        },
    ],
}
