---
source: crates/trestle/tests/corpus.rs
expression: analysed
---
TypeCheckedProgram {
    expressions: [
        TypeCheckedExpression {
            kind: Let {
                binding: BindingId(
                    0,
                ),
                value: TypeCheckedExpression {
                    kind: Literal(
                        Int(
                            9223372036854775807,
                        ),
                    ),
                    span: SourceSpan {
                        offset: SourceOffset(
                            226,
                        ),
                        length: 19,
                    },
                    ty: Literal(
                        Int,
                    ),
                },
            },
            span: SourceSpan {
                offset: SourceOffset(
                    216,
                ),
                length: 31,
            },
            ty: Unit,
        },
        TypeCheckedExpression {
            kind: Binary(
                Add,
                TypeCheckedExpression {
                    kind: Var(
                        BindingId(
                            0,
                        ),
                    ),
                    span: SourceSpan {
                        offset: SourceOffset(
                            247,
                        ),
                        length: 3,
                    },
                    ty: Literal(
                        Int,
                    ),
                },
                TypeCheckedExpression {
                    kind: Literal(
                        Int(
                            1,
                        ),
                    ),
                    span: SourceSpan {
                        offset: SourceOffset(
                            253,
                        ),
                        length: 1,
                    },
                    ty: Literal(
                        Int,
                    ),
                },
            ),
            span: SourceSpan {
                offset: SourceOffset(
                    247,
                ),
                length: 7,
            },
            ty: Literal(
                Int,
            ),
        },
    ],
    bindings: [
        TypedBinding {
            name: "max",
            ty: Literal(
                Int,
            ),
            span: SourceSpan {
                offset: SourceOffset(
                    216,
                ),
                length: 31,
            },
        },
    ],
    type_bindings: [
        TypedBinding {
            name: "Int",
            ty: Literal(
                Int,
            ),
            span: SourceSpan {
                offset: SourceOffset(
                    0,
                ),
                length: 0,
            },
        },
        TypedBinding {
            name: "Float",
            ty: Literal(
                Float,
            ),
            span: SourceSpan {
                offset: SourceOffset(
                    0,
                ),
                length: 0,
            },
        },
        TypedBinding {
            name: "String",
            ty: Literal(
                String,
            ),
            span: SourceSpan {
                offset: SourceOffset(
                    0,
                ),
                length: 0,
            },
        },
        TypedBinding {
            name: "Bool",
            ty: Literal(
                Bool,
            ),
            span: SourceSpan {
                offset: SourceOffset(
                    0,
                ),
                length: 0,
            },
        },
        TypedBinding {
            name: "Unit",
            ty: Literal(
                Unit,
            ),
            span: SourceSpan {
                offset: SourceOffset(
                    0,
                ),
                length: 0,
            },
        },
    ],
}
