---
source: crates/trestle/tests/corpus.rs
expression: program
---
ParsedProgram {
    expressions: [
        Expression {
            kind: Let {
                name: "pick",
                type_dec: None,
                value: Expression {
                    kind: Lambda(
                        Lambda {
                            parameter: Some(
                                Param {
                                    name: "b",
                                    type_dec: Some(
                                        TypeExpression {
                                            kind: Named(
                                                "Bool",
                                            ),
                                            span: SourceSpan {
                                                offset: SourceOffset(
                                                    13,
                                                ),
                                                length: 6,
                                            },
                                        },
                                    ),
                                },
                            ),
                            return_type: None,
                            body: Expression {
                                kind: Lambda(
                                    Lambda {
                                        parameter: Some(
                                            Param {
                                                name: "x",
                                                type_dec: None,
                                            },
                                        ),
                                        return_type: None,
                                        body: Expression {
                                            kind: If {
                                                condition: Expression {
                                                    kind: Var(
                                                        "b",
                                                    ),
                                                    span: SourceSpan {
                                                        offset: SourceOffset(
                                                            31,
                                                        ),
                                                        length: 1,
                                                    },
                                                },
                                                true_pathway: Expression {
                                                    kind: Var(
                                                        "x",
                                                    ),
                                                    span: SourceSpan {
                                                        offset: SourceOffset(
                                                            34,
                                                        ),
                                                        length: 1,
                                                    },
                                                },
                                                false_pathway: Some(
                                                    Expression {
                                                        kind: Var(
                                                            "x",
                                                        ),
                                                        span: SourceSpan {
                                                            offset: SourceOffset(
                                                                41,
                                                            ),
                                                            length: 1,
                                                        },
                                                    },
                                                ),
                                            },
                                            span: SourceSpan {
                                                offset: SourceOffset(
                                                    27,
                                                ),
                                                length: 19,
                                            },
                                        },
                                    },
                                ),
                                span: SourceSpan {
                                    offset: SourceOffset(
                                        11,
                                    ),
                                    length: 35,
                                },
                            },
                        },
                    ),
                    span: SourceSpan {
                        offset: SourceOffset(
                            11,
                        ),
                        length: 35,
                    },
                },
            },
            span: SourceSpan {
                offset: SourceOffset(
                    0,
                ),
                length: 46,
            },
        },
        Expression {
            kind: FunctionInvocation {
                function_name: "pick",
                expressions: [
                    Expression {
                        kind: Literal(
                            Bool(
                                true,
                            ),
                        ),
                        span: SourceSpan {
                            offset: SourceOffset(
                                51,
                            ),
                            length: 4,
                        },
                    },
                    Expression {
                        kind: Literal(
                            Int(
                                1,
                            ),
                        ),
                        span: SourceSpan {
                            offset: SourceOffset(
                                57,
                            ),
                            length: 1,
                        },
                    },
                ],
            },
            span: SourceSpan {
                offset: SourceOffset(
                    46,
                ),
                length: 13,
            },
        },
    ],
}
