---
source: crates/trestle/tests/corpus.rs
expression: analysed
---
TypeCheckedProgram {
    expressions: [
        TypeCheckedExpression {
            kind: Let {
                binding: BindingId(
                    1,
                ),
                value: TypeCheckedExpression {
                    kind: Block(
                        [
                            TypeCheckedExpression {
                                kind: Let {
                                    binding: BindingId(
                                        0,
                                    ),
                                    value: TypeCheckedExpression {
                                        kind: Block(
                                            [
                                                TypeCheckedExpression {
                                                    kind: Binary(
                                                        Add,
                                                        TypeCheckedExpression {
                                                            kind: Literal(
                                                                Int(
                                                                    1,
                                                                ),
                                                            ),
                                                            span: SourceSpan {
                                                                offset: SourceOffset(
                                                                    138,
                                                                ),
                                                                length: 1,
                                                            },
                                                            ty: Literal(
                                                                Int,
                                                            ),
                                                        },
                                                        TypeCheckedExpression {
                                                            kind: Literal(
                                                                Int(
                                                                    1,
                                                                ),
                                                            ),
                                                            span: SourceSpan {
                                                                offset: SourceOffset(
                                                                    142,
                                                                ),
                                                                length: 1,
                                                            },
                                                            ty: Literal(
                                                                Int,
                                                            ),
                                                        },
                                                    ),
                                                    span: SourceSpan {
                                                        offset: SourceOffset(
                                                            138,
                                                        ),
                                                        length: 5,
                                                    },
                                                    ty: Literal(
                                                        Int,
                                                    ),
                                                },
                                            ],
                                        ),
                                        span: SourceSpan {
                                            offset: SourceOffset(
                                                136,
                                            ),
                                            length: 9,
                                        },
                                        ty: Literal(
                                            Int,
                                        ),
                                    },
                                },
                                span: SourceSpan {
                                    offset: SourceOffset(
                                        124,
                                    ),
                                    length: 21,
                                },
                                ty: Unit,
                            },
                            TypeCheckedExpression {
                                kind: Binary(
                                    Add,
                                    TypeCheckedExpression {
                                        kind: Var(
                                            BindingId(
                                                0,
                                            ),
                                        ),
                                        span: SourceSpan {
                                            offset: SourceOffset(
                                                157,
                                            ),
                                            length: 5,
                                        },
                                        ty: Literal(
                                            Int,
                                        ),
                                    },
                                    TypeCheckedExpression {
                                        kind: Literal(
                                            Int(
                                                10,
                                            ),
                                        ),
                                        span: SourceSpan {
                                            offset: SourceOffset(
                                                165,
                                            ),
                                            length: 2,
                                        },
                                        ty: Literal(
                                            Int,
                                        ),
                                    },
                                ),
                                span: SourceSpan {
                                    offset: SourceOffset(
                                        157,
                                    ),
                                    length: 10,
                                },
                                ty: Literal(
                                    Int,
                                ),
                            },
                        ],
                    ),
                    span: SourceSpan {
                        offset: SourceOffset(
                            118,
                        ),
                        length: 70,
                    },
                    ty: Literal(
                        Int,
                    ),
                },
            },
            span: SourceSpan {
                offset: SourceOffset(
                    110,
                ),
                length: 78,
            },
            ty: Unit,
        },
        TypeCheckedExpression {
            kind: Var(
                BindingId(
                    1,
                ),
            ),
            span: SourceSpan {
                offset: SourceOffset(
                    189,
                ),
                length: 1,
            },
            ty: Literal(
                Int,
            ),
        },
    ],
    bindings: [
        TypeCheckedBinding {
            name: "inner",
            ty: Literal(
                Int,
            ),
            span: SourceSpan {
                offset: SourceOffset(
                    124,
                ),
                length: 21,
            },
        },
        TypeCheckedBinding {
            name: "x",
            ty: Literal(
                Int,
            ),
            span: SourceSpan {
                offset: SourceOffset(
                    110,
                ),
                length: 78,
            },
        },
    ],
}
